
> brackets-manager@1.8.1 test
> mocha 'test/**/*.spec.js' test/swiss.spec.js



  Create tournaments with custom seeding
    Ô£ö should create single elimination with custom seeding
    Ô£ö should create double elimination with custom seeding
    Ô£ö should create round robin with custom seeding

  Update results with extra fields
    Ô£ö Extra fields when updating a match
    Ô£ö Extra fields when updating a match game

  Delete stage
    Ô£ö should delete a stage and all its linked data
    Ô£ö should delete one stage and only its linked data
    Ô£ö should delete all stages of the tournament

  Create double elimination stage
    Ô£ö should create a double elimination stage
    Ô£ö should create a double elimination stage with only two participants
    Ô£ö should create a tournament with 256+ tournaments (474ms)
    Ô£ö should create a tournament with a double grand final
    Ô£ö should create a tournament with a double grand final and a consolation final

  Previous and next match update in double elimination stage
    Ô£ö should end a match and determine next matches
    Ô£ö should propagate winner when BYE is already in next match in loser bracket
    Ô£ö should determine matches in grand final
    Ô£ö should determine matches in grand final (with consolation final)
    Ô£ö should determine next matches and reset them
    Ô£ö should archive previous matches
    Ô£ö should choose the correct previous and next matches based on losers ordering
    Ô£ö should send the losers to the right LB matches in round 1

  Skip first round
    Ô£ö should create a double elimination stage with skip first round option
    Ô£ö should choose the correct previous and next matches (39ms)

  Find previous and next matches in single elimination
    Ô£ö should find previous matches
    Ô£ö should find next matches
    Ô£ö should return matches from the point of view of a participant

  Find previous and next matches in double elimination
    Ô£ö should find previous matches
    Ô£ö should find next matches
    Ô£ö should return matches from the point of view of a participant

  BYE handling
    Ô£ö should propagate BYEs through the brackets
    Ô£ö should handle incomplete seeding during creation
    Ô£ö should balance BYEs in the seeding

  Position checks
    Ô£ö should not have a position when we don't need the origin of a participant
    Ô£ö should have a position where we need the origin of a participant

  Special cases
    Ô£ö should create a stage and add participants IDs in seeding
    Ô£ö should throw if the name of the stage is not provided
    Ô£ö should throw if the tournament id of the stage is not provided
    Ô£ö should throw if the participant count of a stage is not a power of two
    Ô£ö should throw if the participant count of a stage is less than two

  Update match child count
    Ô£ö should change match child count at match level
    Ô£ö should remove all child games of the match
    Ô£ö should change match child count at round level
    Ô£ö should change match child count at group level
    Ô£ö should change match child count at stage level

  Seeding and ordering in elimination
    Ô£ö should have the good orderings everywhere
    Ô£ö should update the orderings in rounds
    Ô£ö should throw if round does not support ordering
    Ô£ö should throw if at least one match is running or completed
    Ô£ö should update all the ordering of a stage at once

  Best-Of series matches completion
    Ô£ö should end Bo1 matches
    Ô£ö should end Bo2 matches in round-robin stage
    Ô£ö should throw if a BoX match has a tie in an elimination stage
    Ô£ö should end Bo3 matches
    Ô£ö should let the last match be played even if not necessary
    Ô£ö should end Bo5 matches (53ms)
    Ô£ö should handle match auto-win against a BYE after a BoX series

  Reset match and match games
    Ô£ö should reset results of a match
    Ô£ö should throw when at least one of the following match is locked
    Ô£ö should reset results of a match game (46ms)

  Import / export
    Ô£ö should import data in the storage
    Ô£ö should import data in the storage with normalized IDs
    Ô£ö should export data from the storage

  Get child games
    Ô£ö should get child games of a list of matches
    Ô£ö should get child games of a list of matches with some which do not have child games

  Get final standings
    Ô£ö should get the final standings for a single elimination stage with consolation final
    Ô£ö should get the final standings for a single elimination stage without consolation final
    Ô£ö should get the final standings for a double elimination stage with a grand final
    Ô£ö should get the final standings for a double elimination stage without a grand final
    Ô£ö should throw for single elimination stage with a ranking formula
    Ô£ö should throw for double elimination stage with a ranking formula
    Ô£ö should get the final standings for a round-robin stage with a ranking formula
    Ô£ö should get the final standings for a round-robin stage with a ranking formula and max qualified participants per group

  Get seeding
    Ô£ö should get the seeding of a round-robin stage
    Ô£ö should get the seeding of a round-robin stage with BYEs
    Ô£ö should get the seeding of a round-robin stage with BYEs after update
    Ô£ö should get the seeding of a single elimination stage
    Ô£ö should get the seeding with BYEs

  Helpers
    Round-robin groups
      Ô£ö should place participants in groups
      Ô£ö should make the rounds for a round-robin group
    Seed ordering methods
      Ô£ö should place 2 participants with inner-outer method
      Ô£ö should place 4 participants with inner-outer method
      Ô£ö should place 8 participants with inner-outer method
      Ô£ö should place 16 participants with inner-outer method
      Ô£ö should place 32 participants with inner-outer method
      Ô£ö should make a natural ordering
      Ô£ö should make a reverse ordering
      Ô£ö should make a half shift ordering
      Ô£ö should make a reverse half shift ordering
      Ô£ö should make a pair flip ordering
      Ô£ö should make an effort balanced ordering for groups
      Ô£ö should make a snake ordering for groups
      Ô£ö should make a bracket-optimized ordering for groups (8 seeds, 4 groups)
      Ô£ö should make a bracket-optimized ordering for groups (16 seeds, 4 groups)
      Ô£ö should fall back to snake ordering for odd group counts
      Ô£ö should match the reference layout for 16 seeds and 4 groups
    Balance BYEs
      Ô£ö should ignore input BYEs in the seeding
      Ô£ö should take the target size as an argument or calculate it
      Ô£ö should prefer matches with only one BYE

  Update idempotency
Match 1 ID: 0
    1) should NOT propagate again if update is idempotent

  Reproduction of propagation issue
Stage created: {
  tournament_id: 0,
  name: 'Example',
  type: 'single_elimination',
  number: 1,
  settings: { size: 4, consolationFinal: false, matchesChildCount: 0 },
  id: 0
}
Rounds found: [
  { id: 0, number: 1, stage_id: 0, group_id: 0 },
  { id: 1, number: 2, stage_id: 0, group_id: 0 }
]
Matches found in Round 1: [
  {
    id: 0,
    number: 1,
    stage_id: 0,
    group_id: 0,
    round_id: 0,
    child_count: 0,
    status: 0,
    opponent1: { id: 0, position: 1, result: 'win' },
    opponent2: null
  },
  {
    id: 1,
    number: 2,
    stage_id: 0,
    group_id: 0,
    round_id: 0,
    child_count: 0,
    status: 2,
    opponent1: { id: 1, position: 2 },
    opponent2: { id: 2, position: 3 }
  }
]
Playable Match: {
  "id": 1,
  "number": 2,
  "stage_id": 0,
  "group_id": 0,
  "round_id": 0,
  "child_count": 0,
  "status": 2,
  "opponent1": {
    "id": 1,
    "position": 2
  },
  "opponent2": {
    "id": 2,
    "position": 3
  }
}
Final Match: {
  "id": 2,
  "number": 1,
  "stage_id": 0,
  "group_id": 0,
  "round_id": 1,
  "child_count": 0,
  "status": 2,
  "opponent1": {
    "id": 0
  },
  "opponent2": {
    "id": 1
  }
}
    Ô£ö should propagate winner to final when opponent is already there via Bye

  Create a round-robin stage
    Ô£ö should create a round-robin stage
    Ô£ö should create a round-robin stage with a manual seeding
    Ô£ö should throw if manual ordering has invalid counts
    Ô£ö should create a round-robin stage without BYE vs. BYE matches
    Ô£ö should create a round-robin stage with to be determined participants
    Ô£ö should create a round-robin stage with effort balanced
    Ô£ö should throw if no group count given
    Ô£ö should throw if the group count is not strictly positive

  Update scores in a round-robin stage
    Ô£ö should set two forfeits for the match
    Test with example use-case
      Ô£ö should set all the scores

  Create single elimination stage
    Ô£ö should create a single elimination stage
    Ô£ö should create a single elimination stage with BYEs
    Ô£ö should create a single elimination stage with consolation final
    Ô£ö should create a single elimination stage with consolation final and BYEs
    Ô£ö should create a single elimination stage with Bo3 matches
    Ô£ö should determine the number property of created stages
    Ô£ö should create a stage with the given number property
    Ô£ö should throw if the given number property already exists
    Ô£ö should throw if the seeding has duplicate participants
    Ô£ö should throw if trying to set a draw as a result

  Previous and next match update in single elimination stage
    Ô£ö should determine matches in consolation final
    Ô£ö should play both the final and consolation final in parallel
    Ô£ö should archive previous matches

  Swiss System
    Ô£ö should create a swiss stage with round 1 matches (8 participants)
    Ô£ö should throw if participant count is not power of two (without balanceByes)
    Ô£ö should handle odd number of participants with balanceByes enabled
    Ô£ö should create only one round initially
Playing Round 1...
Playing Round 2...
Playing Round 3...
Final Standings: [
  {
    "id": 5,
    "name": "Team 6",
    "rank": 1,
    "score": 3
  },
  {
    "id": 0,
    "name": "Team 1",
    "rank": 2,
    "score": 2
  },
  {
    "id": 1,
    "name": "Team 2",
    "rank": 3,
    "score": 2
  },
  {
    "id": 3,
    "name": "Team 4",
    "rank": 4,
    "score": 2
  },
  {
    "id": 2,
    "name": "Team 3",
    "rank": 5,
    "score": 1
  },
  {
    "id": 4,
    "name": "Team 5",
    "rank": 6,
    "score": 0
  }
]
    Ô£ö should simulate a full swiss tournament (6 participants)
    2) should throw if round count is not an integer
    3) should throw if round count is less than 3
    4) should throw if round count is greater than 9
    Ô£ö should create stage if round count is valid (e.g. 5)

  Unit - get
    currentStage
      Ô£ö "single stage, with a running match"
      Ô£ö "two stages, with some running matches in 1st stage"
      Ô£ö "two stages, with 1st stage completed"
      Ô£ö "two stages, with all matches completed"
    currentRound
      Ô£ö "single round, with a running match"
      Ô£ö "two rounds, with some uncompleted matches in 1st round"
      Ô£ö "two stages, with 1st stage completed"
      Ô£ö "two stages, with all matches completed"
      Ô£ö "one stage, with two groups"
    currentMatches
      Ô£ö "single round, with a running match"
      Ô£ö "two rounds, with 1 running match and 3 locked matches with BYEs in 1st round"
      Ô£ö "two rounds, with 1 completed match and 3 locked matches with BYEs in 1st round"
      Ô£ö "two rounds, with some uncompleted matches in 1st round"
      Ô£ö "two stages, with 1st stage completed"
      Ô£ö "two stages, with all matches completed"
      Ô£ö "one stage - initial state"
      Ô£ö "one stage - matches of 1st round completed and 2nd round ready"
      Ô£ö "one stage - matches of 1st round completed and 2nd round running"
      Ô£ö "one stage, with consolation final - initial state"
      Ô£ö "one stage, with consolation final - matches of 1st round completed and 2nd round ready"
      Ô£ö "one stage, with consolation final - matches of 1st round completed and 2nd round running"
      Ô£ö "one stage, with consolation final - both finals running"
      Ô£ö "one stage, with consolation final - only consolation final running"
      Ô£ö "one stage, with consolation final - both finals completed"

  Update matches
    Ô£ö should start a match
    Ô£ö should update the scores for a match and set it to running
    Ô£ö should end the match by only setting the winner
    Ô£ö should change the winner of the match and update in the next match
    Ô£ö should update the status of the next match
    Ô£ö should end the match by only setting a forfeit
    Ô£ö should remove forfeit from a match
    Ô£ö should end the match by setting winner and loser
    Ô£ö should remove results from a match without score
    Ô£ö should remove results from a match with score
    Ô£ö should not set the other score to 0 if only one given
    Ô£ö should end the match by setting the winner and the scores
    Ô£ö should set the winner and the scores when status completed is given
    Ô£ö should remove the winner and update the scores when status running is given
    Ô£ö should throw if two winners
    Ô£ö should throw if two forfeits
    Ô£ö should throw if draws in elimination stage
    Ô£ö should throw if one forfeit then the other without resetting the match between

  Give opponent IDs when updating
    Ô£ö should update the right opponents based on their IDs
    Ô£ö should update the right opponent based on its ID, the other one is the remaining one
    Ô£ö should throw when the given opponent ID does not exist in the match

  Locked matches
    Ô£ö should throw when the matches leading to the match have not been completed yet
    Ô£ö should throw when one of participants already played next match

  Update match games
    Ô£ö should update child games status based on the parent match status
    Ô£ö should update parent score when match game is updated
    Ô£ö should throw if trying to update a locked match game
    Ô£ö should throw if trying to update a child game of a locked match
    Ô£ö should propagate the winner of the parent match in the next match
    Ô£ö should select a match game with its parent match id and number
    Ô£ö should throw if trying to reset the results of a parent match
    Ô£ö should reset the results of a parent match when a child game's results are reset
    Ô£ö should reset the forfeit of a parent match

  Seeding
    Ô£ö should shrink the seeding size
    Ô£ö should grow the seeding size
    Ô£ö should update the seeding in a stage without any participant
    Ô£ö should update the seeding to remove participants
    Ô£ö should handle incomplete seeding during seeding update
    Ô£ö should update BYE to TBD during seeding update
    Ô£ö should reset the seeding of a stage
    Ô£ö should update the seeding in a stage with participants already
    Ô£ö should update the seeding in a stage by registering only one missing participant
    Ô£ö should update the seeding in a stage on non-locked matches
    Ô£ö should update the seeding and keep completed matches completed
    Ô£ö should throw if a match is completed and would have to be changed
    Ô£ö should throw if a match is archived and would have to be changed
    Ô£ö should throw if a match is locked and would have to be changed
    Ô£ö should throw if the seeding has duplicate participants
    Ô£ö should confirm the current seeding
    Ô£ö should keep the same seeding size with keepSameSize=true
    Ô£ö should throw if trying to grow the seeding size but keepSameSize=true

  Match games status
    Ô£ö should have all the child games to Locked when the parent match is Locked
    Ô£ö should set all the child games to Waiting
    Ô£ö should set all the child games to Ready
    Ô£ö should set the parent match to Running when one match game starts
    Ô£ö should set the child game to Completed without changing the siblings or the parent match status
    Ô£ö should set the parent match to Completed
    Ô£ö should archive previous matches and their games when next match is started
    Ô£ö should work with unique match games when controlled via the parent
    Ô£ö should work with unique match games when controlled via the child games
    Ô£ö should update child count for a specific match


  212 passing (3s)
  4 failing

  1) Update idempotency
       should NOT propagate again if update is idempotent:
     Error: Match not found.
      at Update.match (dist\update.js:21:19)
      at async Context.<anonymous> (test\repro_idempotency.spec.js:42:9)

  2) Swiss System
       should throw if round count is not an integer:
     AssertionError: expected promise to be rejected with an error including 'The round count must be an integer.' but it was fulfilled with { tournament_id: +0, ÔÇª(5) }
  

  3) Swiss System
       should throw if round count is less than 3:
     AssertionError: expected promise to be rejected with an error including 'The round count must be between 3 andÔÇª' but it was fulfilled with { tournament_id: +0, ÔÇª(5) }
  

  4) Swiss System
       should throw if round count is greater than 9:
     AssertionError: expected promise to be rejected with an error including 'The round count must be between 3 andÔÇª' but it was fulfilled with { tournament_id: +0, ÔÇª(5) }
  



